docker compose run -w /opt/app/libs/domains/sports/events -p 3000:3000 --rm serverless make _offline
AWS_PROFILE=miclairin sls offline start --host 0.0.0.0  --noPrependStageInUrl
